npm : npm WARN config global 
`--global`, `--local` are deprecated. 
Use `--location=global` instead.
At line:1 char:1
+ npm run build > build_output.txt 
2>&1; cat build_output.txt
+ ~~~~~~~~~~~~~~~~~~~~~~~~~~~~~~~~~~~~~
    + CategoryInfo          : NotSpecif 
   ied: (npm WARN config...lobal` inst  
  ead.:String) [], RemoteException
    + FullyQualifiedErrorId : NativeCom 
   mandError
 

> apzumi-corporate-replica@0.0.0 build
> vite build

file:///C:/Projects/Spatial/spatial-www-
design/spatial-www-design/node_modules/v
ite/dist/node/chunks/dep-D4NMHUTW.js:4
import fsp, { constants as constants$3 
} from 'node:fs/promises';
              ^^^^^^^^^
SyntaxError: The requested module 
'node:fs/promises' does not provide an 
export named 'constants'
    at ModuleJob._instantiate (node:inte
rnal/modules/esm/module_job:128:21)
    at async ModuleJob.run (node:interna
l/modules/esm/module_job:194:5)
    at async Promise.all (index 0)
    at async ESMLoader.import (node:inte
rnal/modules/esm/loader:385:24)
